2018-09-29 22:33:24 Invalid module "whatever", valid modules: pool, api, unlocker, payments, chartsDataCollector
